// Vitest Snapshot v1

exports[`<PaperLayout /> > should match to snapshot 1`] = `
<DocumentFragment>
  <div
    class="MuiBox-root css-17ax1z0"
  >
    <div
      class="MuiPaper-root MuiPaper-elevation MuiPaper-rounded MuiPaper-elevation1 css-53wyd7-MuiPaper-root"
    >
      <div />
    </div>
  </div>
</DocumentFragment>
`;
